
[0m[2m[35m$[0m [2m[1mtsup[0m
[34mCLI[39m Building entry: src/index.ts
[34mCLI[39m Using tsconfig: tsconfig.json
[34mCLI[39m tsup v8.5.1
[34mCLI[39m Using tsup config: /home/remcostoeten/projects/use-shortcut/packages/use-shortcut/tsup.config.ts
[34mCLI[39m Building entry: cli/index.ts
[34mCLI[39m Using tsconfig: tsconfig.json
[34mCLI[39m tsup v8.5.1
[34mCLI[39m Using tsup config: /home/remcostoeten/projects/use-shortcut/packages/use-shortcut/tsup.config.ts
[34mCLI[39m Target: es2020
[34mCLI[39m Target: node18
[34mESM[39m Build start
[34mCLI[39m Cleaning output folder
[34mCJS[39m Build start
[34mESM[39m Build start
[32mESM[39m [1mdist/cli/index.mjs [22m[32m17.98 KB[39m
[32mESM[39m ⚡️ Build success in 9ms
[32mCJS[39m [1mdist/index.js     [22m[32m25.21 KB[39m
[32mCJS[39m [1mdist/index.js.map [22m[32m71.09 KB[39m
[32mCJS[39m ⚡️ Build success in 145ms
[32mESM[39m [1mdist/index.mjs     [22m[32m24.89 KB[39m
[32mESM[39m [1mdist/index.mjs.map [22m[32m71.06 KB[39m
[32mESM[39m ⚡️ Build success in 145ms
DTS Build start
DTS ⚡️ Build success in 644ms
DTS dist/index.d.ts  13.23 KB
DTS dist/index.d.mts 13.23 KB
